// Jest Snapshot v1, https://goo.gl/fbAQLP

exports[`<Registration /> rendering should render correctly 1`] = `
<React.Fragment>
  <div
    className="owisp-registration-container"
  >
    <div
      className="owisp-registration-container-inner"
    >
      <form
        className="owisp-registration-form "
        onSubmit={[Function]}
      >
        <div
          className="owisp-registration-fieldset"
        >
          <React.Fragment>
            <label
              className="owisp-registration-label owisp-registration-label-email"
              htmlFor="owisp-registration-email"
            >
              <div
                className="owisp-registration-label-text owisp-registration-label-text-email"
              >
                email
              </div>
              <input
                className="owisp-registration-input owisp-registration-input-email "
                id="owisp-registration-email"
                name="email"
                onChange={[Function]}
                pattern=".+@.+\\\\..+"
                placeholder="email address"
                required={true}
                title={null}
                type="email"
                value=""
              />
            </label>
          </React.Fragment>
          <React.Fragment>
            <label
              className="owisp-registration-label owisp-registration-label-password"
              htmlFor="owisp-registration-password"
            >
              <div
                className="owisp-registration-label-text"
              >
                password
              </div>
              <input
                className="owisp-registration-input owisp-registration-input-password
                      "
                id="owisp-registration-password"
                name="password1"
                onChange={[Function]}
                pattern=".{6,}"
                placeholder="password"
                required={true}
                title="password must be a minimum of 6 characters"
                type="password"
                value=""
              />
            </label>
          </React.Fragment>
          <React.Fragment>
            <label
              className="owisp-registration-label owisp-registration-label-confirm"
              htmlFor="owisp-registration-password-confirm"
            >
              <div
                className="owisp-registration-label-text"
              >
                confirm
              </div>
              <input
                className="owisp-registration-input owisp-registration-input-confirm "
                id="owisp-registration-password-confirm"
                name="password2"
                onChange={[Function]}
                placeholder="confirm password"
                required={true}
                title={null}
                type="password"
                value=""
              />
            </label>
          </React.Fragment>
        </div>
        <div
          className="owisp-registration-add-info"
        >
          By signing up, you accept the 
          <Link
            className="owisp-registration-additional-link"
            to="/default/registration/terms-and-conditions"
          >
            terms and conditions
          </Link>
           and the 
          <Link
            className="owisp-registration-additional-link"
            to="/default/registration/privacy-policy"
          >
            privacy policy
          </Link>
           of this WiFi service. 
        </div>
        <React.Fragment>
          <input
            className="owisp-registration-form-btn owisp-registration-submit-btn owisp-btn-primary "
            id="owisp-registration-submit-btn"
            type="submit"
            value="sign up"
          />
        </React.Fragment>
        <div
          className="owisp-login-links-div"
        >
          <Link
            className="owisp-registration-link"
            to="/default/login"
          >
            Already have an account? Log in
          </Link>
        </div>
      </form>
      <div
        className="owisp-registration-contact-container"
      >
        <Memo(Connect(Contact)) />
      </div>
    </div>
  </div>
  <Route
    path="default/registration/:name"
    render={[Function]}
  />
</React.Fragment>
`;

exports[`<Registration /> rendering sms_verification includes phone number field 1`] = `
<React.Fragment>
  <div
    className="owisp-registration-container"
  >
    <div
      className="owisp-registration-container-inner"
    >
      <form
        className="owisp-registration-form "
        onSubmit={[Function]}
      >
        <div
          className="owisp-registration-fieldset"
        >
          <React.Fragment>
            <div
              className="owisp-registration-label owisp-registration-label-phone-number"
            >
              <label
                className="owisp-registration-label-text owisp-registration-label-text-phone-number"
                htmlFor="owisp-registration-phone-number"
              >
                moible phone number
              </label>
              <t
                alwaysDefaultMask={false}
                areaCodes={null}
                autoFormat={true}
                autocompleteSearch={false}
                buttonClass=""
                buttonStyle={Object {}}
                containerClass=""
                containerStyle={Object {}}
                copyNumbersOnly={true}
                country="it"
                countryCodeEditable={true}
                defaultErrorMessage=""
                defaultMask="... ... ... ... .."
                disableCountryCode={false}
                disableCountryGuess={false}
                disableDropdown={false}
                disableInitialCountryGuess={false}
                disableSearchIcon={false}
                disabled={false}
                dropdownClass=""
                dropdownStyle={Object {}}
                enableAreaCodeStretch={false}
                enableAreaCodes={false}
                enableClickOutside={true}
                enableLongNumbers={false}
                enableSearch={false}
                enableTerritories={false}
                excludeCountries={Array []}
                flagsImagePath="./flags.png"
                inputClass=""
                inputProps={
                  Object {
                    "className": "form-control owisp-registration-input owisp-registration-input-phone-number ",
                    "id": "owisp-registration-phone-number",
                    "name": "phone_number",
                    "required": true,
                  }
                }
                inputStyle={Object {}}
                isValid={true}
                jumpCursorToEnd={true}
                keys={
                  Object {
                    "A": 65,
                    "DOWN": 40,
                    "ENTER": 13,
                    "ESC": 27,
                    "LEFT": 37,
                    "PLUS": 43,
                    "RIGHT": 39,
                    "SPACE": 32,
                    "TAB": 9,
                    "UP": 38,
                    "Z": 90,
                  }
                }
                localization={Object {}}
                masks={null}
                name="phone_number"
                onChange={[Function]}
                onEnterKeyPress={null}
                onlyCountries={Array []}
                placeholder="enter mobile phone number"
                preferredCountries={Array []}
                prefix="+"
                preserveOrder={Array []}
                priority={null}
                regions=""
                renderStringAsFlag=""
                searchClass=""
                searchNotFound="No entries to show"
                searchPlaceholder="search"
                searchStyle={Object {}}
                showDropdown={false}
                specialLabel="Phone"
                value=""
              />
            </div>
          </React.Fragment>
          <React.Fragment>
            <label
              className="owisp-registration-label owisp-registration-label-email"
              htmlFor="owisp-registration-email"
            >
              <div
                className="owisp-registration-label-text owisp-registration-label-text-email"
              >
                email
              </div>
              <input
                className="owisp-registration-input owisp-registration-input-email "
                id="owisp-registration-email"
                name="email"
                onChange={[Function]}
                pattern=".+@.+\\\\..+"
                placeholder="email address"
                required={true}
                title={null}
                type="email"
                value=""
              />
            </label>
          </React.Fragment>
          <React.Fragment>
            <label
              className="owisp-registration-label owisp-registration-label-password"
              htmlFor="owisp-registration-password"
            >
              <div
                className="owisp-registration-label-text"
              >
                password
              </div>
              <input
                className="owisp-registration-input owisp-registration-input-password
                      "
                id="owisp-registration-password"
                name="password1"
                onChange={[Function]}
                pattern=".{6,}"
                placeholder="password"
                required={true}
                title="password must be a minimum of 6 characters"
                type="password"
                value=""
              />
            </label>
          </React.Fragment>
          <React.Fragment>
            <label
              className="owisp-registration-label owisp-registration-label-confirm"
              htmlFor="owisp-registration-password-confirm"
            >
              <div
                className="owisp-registration-label-text"
              >
                confirm
              </div>
              <input
                className="owisp-registration-input owisp-registration-input-confirm "
                id="owisp-registration-password-confirm"
                name="password2"
                onChange={[Function]}
                placeholder="confirm password"
                required={true}
                title={null}
                type="password"
                value=""
              />
            </label>
          </React.Fragment>
        </div>
        <div
          className="owisp-registration-add-info"
        >
          By signing up, you accept the 
          <Link
            className="owisp-registration-additional-link"
            to="/default/registration/terms-and-conditions"
          >
            terms and conditions
          </Link>
           and the 
          <Link
            className="owisp-registration-additional-link"
            to="/default/registration/privacy-policy"
          >
            privacy policy
          </Link>
           of this WiFi service. 
        </div>
        <React.Fragment>
          <input
            className="owisp-registration-form-btn owisp-registration-submit-btn owisp-btn-primary "
            id="owisp-registration-submit-btn"
            type="submit"
            value="sign up"
          />
        </React.Fragment>
        <div
          className="owisp-login-links-div"
        >
          <Link
            className="owisp-registration-link"
            to="/default/login"
          >
            Already have an account? Log in
          </Link>
        </div>
      </form>
      <div
        className="owisp-registration-contact-container"
      >
        <Memo(Connect(Contact)) />
      </div>
    </div>
  </div>
  <Route
    path="default/registration/:name"
    render={[Function]}
  />
</React.Fragment>
`;
